// Jest Snapshot v1, https://goo.gl/fbAQLP

exports[`<AboutPage /> should match snapshot 1`] = `
<div>
  <h1>
    Hello World from About Page
  </h1>
</div>
`;
