// Jest Snapshot v1, https://goo.gl/fbAQLP

exports[`<Header /> should match snapshot 1`] = `
<Header__Root>
  <Header />
</Header__Root>
`;
