// Jest Snapshot v1, https://goo.gl/fbAQLP

exports[`<HomePage /> should match snapshot 1`] = `
<div>
  <h1>
    Hello World from Home Page
  </h1>
  <span>
    sp
  </span>
</div>
`;
