// Jest Snapshot v1, https://goo.gl/fbAQLP

exports[`<Footer /> should render correctly 1`] = `
<Footer__Root>
  Footer placeholder
</Footer__Root>
`;
