// Jest Snapshot v1, https://goo.gl/fbAQLP

exports[`<A /> should match snapshot 1`] = `<A />`;
