// Jest Snapshot v1, https://goo.gl/fbAQLP

exports[`<Container /> should match snapshot 1`] = `
<div>
  <div
    class="Container-sc-1kdd3x2-0 kwPFyY"
  >
    <span
      class="unique"
    >
      Test
    </span>
  </div>
</div>
`;
