// Jest Snapshot v1, https://goo.gl/fbAQLP

exports[`<Main /> should match snapshot 1`] = `
<div>
  <main
    class="Main-o02ej9-0 pINdQ"
  >
    <span
      class="unique"
    >
      Test
    </span>
  </main>
</div>
`;
