// Jest Snapshot v1, https://goo.gl/fbAQLP

exports[`<ShopItemOverview/> should match snapshot 1`] = `
<div>
  <div
    class="ShopItemOverview__Root-sc-2bbkh4-0 hiZFRu"
  >
    <h3>
      Shop Item
    </h3>
    Title: 
  </div>
</div>
`;
